// Jest Snapshot v1, https://goo.gl/fbAQLP

exports[`AccordionGroupBody should render correctly 1`] = `<div />`;
