// Jest Snapshot v1, https://goo.gl/fbAQLP

exports[`AccordionGroup should render correctly 1`] = `<styled.div />`;
