// Jest Snapshot v1, https://goo.gl/fbAQLP

exports[`Accordion should render correctly 1`] = `<styled.div />`;
