// Jest Snapshot v1, https://goo.gl/fbAQLP

exports[`AccordionGroupTitle should render correctly 1`] = `
<div
  role="heading"
>
  <styled.div
    role="presentation"
  />
</div>
`;
